// Jest Snapshot v1, https://goo.gl/fbAQLP

exports[`Pruebas en <GifItem/> Debe de hacer match con el snapshot 1`] = `
<div>
  <div
    class="card"
  >
    <img
      alt="Favian"
      src="https://www.twitch.tv/"
    />
    <p
      aria-label="paragraph"
    >
      Favian
    </p>
  </div>
</div>
`;
